../Core/Src/sensirion_common.c:41:10:sensirion_bytes_to_uint16_t	16	static
../Core/Src/sensirion_common.c:45:10:sensirion_bytes_to_uint32_t	16	static
../Core/Src/sensirion_common.c:50:9:sensirion_common_bytes_to_int16_t	16	static
../Core/Src/sensirion_common.c:54:9:sensirion_common_bytes_to_int32_t	16	static
../Core/Src/sensirion_common.c:58:7:sensirion_bytes_to_float	24	static
../Core/Src/sensirion_common.c:68:9:sensirion_common_generate_crc	24	static
../Core/Src/sensirion_common.c:86:8:sensirion_common_check_crc	16	static
../Core/Src/sensirion_common.c:98:10:sensirion_fill_cmd_send_buf	32	static
../Core/Src/sensirion_common.c:208:6:sensirion_common_uint32_t_to_bytes	16	static
../Core/Src/sensirion_common.c:215:6:sensirion_common_uint16_t_to_bytes	16	static
../Core/Src/sensirion_common.c:220:6:sensirion_common_int32_t_to_bytes	16	static
../Core/Src/sensirion_common.c:227:6:sensirion_common_int16_t_to_bytes	16	static
../Core/Src/sensirion_common.c:232:6:sensirion_common_float_to_bytes	24	static
../Core/Src/sensirion_common.c:241:6:sensirion_common_copy_bytes	32	static
